// Jest Snapshot v1, https://goo.gl/fbAQLP

exports[`Cards should render Loader screen when Cards state is empty 1`] = `
<div
  className="Cards"
>
  <div
    className="Card"
  >
    HDFC
     
    HDFC Card
  </div>
  <div
    className="Card"
  >
    CITI Bank
     
    CITI Bank Card
  </div>
  <div
    className="Card"
  >
    TATA SBI
     
    TATA SBI Card
  </div>
</div>
`;

exports[`Cards should render correctly 1`] = `
<div
  className="Cards"
>
  <div
    className="Card"
  >
    HDFC
     
    HDFC Card
  </div>
  <div
    className="Card"
  >
    CITI Bank
     
    CITI Bank Card
  </div>
  <div
    className="Card"
  >
    TATA SBI
     
    TATA SBI Card
  </div>
</div>
`;
