// Jest Snapshot v1, https://goo.gl/fbAQLP

exports[`App should render correctly 1`] = `
<div
  className="Container"
>
  <header
    className="Header"
  >
    <a
      className="Header__Logo"
      href="/"
    >
      <img
        alt="Cardify"
        className="Header__Logo__Image"
        src="logo.svg"
      />
      Cardify
    </a>
  </header>
  <div
    className="Cards"
  >
    <div
      className="Card"
    >
      HDFC
       
      HDFC Card
    </div>
    <div
      className="Card"
    >
      CITI Bank
       
      CITI Bank Card
    </div>
    <div
      className="Card"
    >
      TATA SBI
       
      TATA SBI Card
    </div>
  </div>
  <footer
    className="Footer"
  >
    <ul>
      <li>
        <a
          href=""
        >
          Link 1
        </a>
      </li>
      <li>
        <a
          href=""
        >
          Link 1
        </a>
      </li>
      <li>
        <a
          href=""
        >
          Link 1
        </a>
      </li>
    </ul>
  </footer>
</div>
`;
